[
  {
    "point": {
      "eid": 30101,
      "address": "0x01CacCa455d04F0D52231589F0deb543de9213E3"
    },
    "data": "0x3400288b00000000000000000000000000000000000000000000000000000000000075d8dde8d977d37ab113e40c953625fe3afe62b74fa20e785a8575688622f6a4da92",
    "description": "Setting peer for eid 30168 (SOLANA_V2_MAINNET) to address 0xdde8d977d37ab113e40c953625fe3afe62b74fa20e785a8575688622f6a4da92"
  },
  {
    "point": {
      "eid": 30367,
      "address": "0x01CacCa455d04F0D52231589F0deb543de9213E3"
    },
    "data": "0x3400288b00000000000000000000000000000000000000000000000000000000000075d8dde8d977d37ab113e40c953625fe3afe62b74fa20e785a8575688622f6a4da92",
    "description": "Setting peer for eid 30168 (SOLANA_V2_MAINNET) to address 0xdde8d977d37ab113e40c953625fe3afe62b74fa20e785a8575688622f6a4da92"
  },
  {
    "point": {
      "eid": 30111,
      "address": "0x01CacCa455d04F0D52231589F0deb543de9213E3"
    },
    "data": "0x3400288b00000000000000000000000000000000000000000000000000000000000075d8dde8d977d37ab113e40c953625fe3afe62b74fa20e785a8575688622f6a4da92",
    "description": "Setting peer for eid 30168 (SOLANA_V2_MAINNET) to address 0xdde8d977d37ab113e40c953625fe3afe62b74fa20e785a8575688622f6a4da92"
  }
]