[
  {
    "point": {
      "eid": 30168,
      "address": "76y77prsiCMvXMjuoZ5VRrhG5qYBrUMYTE5WgHqgjEn6"
    },
    "data": "02010407dc7632e1bb58b2687df7047262cb0f08f7aa27264ce1acdd0d902d6e5869cacbd5d284a0c602de8a0e767cff40debc9419a2a335928a53cc606ac916c46221fd94d99e2a34a1d85d756cd749905d5996c02fd7a439ddf525cd78a9f18fe584615028c962eabfc37fc41989847b01895cb34969b6e33ef766cad63d922de5879e5aad76da514b6e1dcf11037e904dac3d375f525c9fbafcb19507b78907d8c18bba53f930024a21e928a4d50a5e2db4c08547e9632fe33eae8533abf150426e2ad1dd86ac361b6252c406c281f3912ab13b924126c011b587278e8af0b08ef09b20076b0dd38cec194c9c1bb50129c1f66ce11ec8ef08f1808af8471435d9c0ee0104060105020306044cfb764e9e86958105e3bcb78ee78ca0a9ae2d7a92e4af89cf09361b43617ffbfd8ca585624e2042bf957500002515806648630228f165e86b6a6e0469117511850390dcf03f5bb7dd2f9b92f6",
    "description": "Setting send library for eid 30101 (ETHEREUM_V2_MAINNET) and OApp GKzT5jtvcysvWoRN7Kgro1nqriS6QhHjyqrtL6UNK89t to 2XrYqmhBMPJgDsb4SVbjV1PnJBprurd5bzRCkHwiFCJB"
  },
  {
    "point": {
      "eid": 30168,
      "address": "76y77prsiCMvXMjuoZ5VRrhG5qYBrUMYTE5WgHqgjEn6"
    },
    "data": "02010407dc7632e1bb58b2687df7047262cb0f08f7aa27264ce1acdd0d902d6e5869cacbd5d284a0c602de8a0e767cff40debc9419a2a335928a53cc606ac916c46221fde729a0d1594db54bb44b3913de2c4417bc90fa8629d95f6822ae18797fef45b95028c962eabfc37fc41989847b01895cb34969b6e33ef766cad63d922de5879e5aad76da514b6e1dcf11037e904dac3d375f525c9fbafcb19507b78907d8c18bba53f930024a21e928a4d50a5e2db4c08547e9632fe33eae8533abf150426e2ad1dd86ac361b6252c406c281f3912ab13b924126c011b587278e8af0b08ef09b20076b0dd38cec194c9c1bb50129c1f66ce11ec8ef08f1808af8471435d9c0ee0104060105020306044cfb764e9e86958105e3bcb78ee78ca0a9ae2d7a92e4af89cf09361b43617ffbfd8ca585624e2042bf9f7600002515806648630228f165e86b6a6e0469117511850390dcf03f5bb7dd2f9b92f6",
    "description": "Setting send library for eid 30367 (HYPERLIQUID_V2_MAINNET) and OApp GKzT5jtvcysvWoRN7Kgro1nqriS6QhHjyqrtL6UNK89t to 2XrYqmhBMPJgDsb4SVbjV1PnJBprurd5bzRCkHwiFCJB"
  },
  {
    "point": {
      "eid": 30168,
      "address": "76y77prsiCMvXMjuoZ5VRrhG5qYBrUMYTE5WgHqgjEn6"
    },
    "data": "02010407dc7632e1bb58b2687df7047262cb0f08f7aa27264ce1acdd0d902d6e5869cacbd5d284a0c602de8a0e767cff40debc9419a2a335928a53cc606ac916c46221fdd95af394ff73799fcdc61255ccbd2cd4cffba394b14b4c4ddb5f1545b19996d85028c962eabfc37fc41989847b01895cb34969b6e33ef766cad63d922de5879e5aad76da514b6e1dcf11037e904dac3d375f525c9fbafcb19507b78907d8c18bba53f930024a21e928a4d50a5e2db4c08547e9632fe33eae8533abf150426e2ad1dd86ac361b6252c406c281f3912ab13b924126c011b587278e8af0b08ef09b20076b0dd38cec194c9c1bb50129c1f66ce11ec8ef08f1808af8471435d9c0ee0104060105020306044cfb764e9e86958105e3bcb78ee78ca0a9ae2d7a92e4af89cf09361b43617ffbfd8ca585624e2042bf9f7500002515806648630228f165e86b6a6e0469117511850390dcf03f5bb7dd2f9b92f6",
    "description": "Setting send library for eid 30111 (OPTIMISM_V2_MAINNET) and OApp GKzT5jtvcysvWoRN7Kgro1nqriS6QhHjyqrtL6UNK89t to 2XrYqmhBMPJgDsb4SVbjV1PnJBprurd5bzRCkHwiFCJB"
  }
]